[[Torre dei Cieli|<span style="color: #A00000;">'''R'''</span><span style="color: #0000A0;">'''Z'''</span><span style="color: #00A000;">'''S'''</span><span style="color: #AB2813;">'''RΩ'''</span><span style="color: #26649C;">'''Zα'''</span>]]
[[Torre dei Cieli|<span style="color: #A00000;">'''R'''</span><span style="color: #0000A0;">'''Z'''</span><span style="color: #00A000;">'''S'''</span><span style="color: #AB2813;">'''RΩ'''</span><span style="color: #26649C;">'''Zα'''</span>]]
[[Torre dei Cieli|<span style="color: #A00000;">'''R'''</span><span style="color: #0000A0;">'''Z'''</span><span style="color: #00A000;">'''S'''</span><span style="color: #AB2813;">'''RΩ'''</span><span style="color: #26649C;">'''Zα'''</span>]]
[[Torre dei Cieli|<span style="color: #A00000;">'''R'''</span><span style="color: #0000A0;">'''Z'''</span><span style="color: #00A000;">'''S'''</span><span style="color: #AB2813;">'''RΩ'''</span><span style="color: #26649C;">'''Zα'''</span>]]
[[Torre dei Cieli|<span style="color: #A00000;">'''R'''</span><span style="color: #0000A0;">'''Z'''</span><span style="color: #00A000;">'''S'''</span><span style="color: #AB2813;">'''RΩ'''</span><span style="color: #26649C;">'''Zα'''</span>]]
[[Torre dei Cieli|<span style="color: #A00000;">'''R'''</span><span style="color: #0000A0;">'''Z'''</span><span style="color: #00A000;">'''S'''</span><span style="color: #AB2813;">'''RΩ'''</span><span style="color: #26649C;">'''Zα'''</span>]]
[[Torre dei Cieli|<span style="color: #7722AA;">'''R'''</span><span style="color: #7722AA;">'''Z'''</span><span style="color: #7722AA;">'''S'''</span><span style="color: #7722AA;">'''RΩ'''</span><span style="color: #7722AA;">'''Zα'''</span>]]
[[Torre dei Cieli|<span style="color: #7722AA;">'''R'''</span><span style="color: #7722AA;">'''Z'''</span><span style="color: #7722AA;">'''S'''</span><span style="color: #7722AA;">'''RΩ'''</span><span style="color: #7722AA;">'''Zα'''</span>]]
[[Torre dei Cieli|<span style="color: #7722AA;">'''R'''</span><span style="color: #7722AA;">'''Z'''</span><span style="color: #7722AA;">'''S'''</span><span style="color: #7722AA;">'''RΩ'''</span><span style="color: #7722AA;">'''Zα'''</span>]]
[[Torre dei Cieli|<span style="color: #7722AA;">'''R'''</span><span style="color: #7722AA;">'''Z'''</span><span style="color: #7722AA;">'''S'''</span><span style="color: #7722AA;">'''RΩ'''</span><span style="color: #7722AA;">'''Zα'''</span>]]
[[Torre dei Cieli|<span style="color: #7722AA;">'''R'''</span><span style="color: #7722AA;">'''Z'''</span><span style="color: #7722AA;">'''S'''</span><span style="color: #7722AA;">'''RΩ'''</span><span style="color: #7722AA;">'''Zα'''</span>]]
[[Torre dei Cieli|<span style="color: #7722AA;">'''R'''</span><span style="color: #7722AA;">'''Z'''</span><span style="color: #7722AA;">'''S'''</span><span style="color: #7722AA;">'''RΩ'''</span><span style="color: #7722AA;">'''Zα'''</span>]]
[[Torre dei Cieli|<span style="color: #000068;">'''R'''</span><span style="color: #000068;">'''Z'''</span><span style="color: #000068;">'''S'''</span><span style="color: #000068;">'''RΩ'''</span><span style="color: #000068;">'''Zα'''</span>]]
[[Torre dei Cieli|<span style="color: #000068;">'''R'''</span><span style="color: #000068;">'''Z'''</span><span style="color: #000068;">'''S'''</span><span style="color: #000068;">'''RΩ'''</span><span style="color: #000068;">'''Zα'''</span>]]
[[Torre dei Cieli|<span style="color: #000068;">'''R'''</span><span style="color: #000068;">'''Z'''</span><span style="color: #000068;">'''S'''</span><span style="color: #000068;">'''RΩ'''</span><span style="color: #000068;">'''Zα'''</span>]]
[[Torre dei Cieli|<span style="color: #000068;">'''R'''</span><span style="color: #000068;">'''Z'''</span><span style="color: #000068;">'''S'''</span><span style="color: #000068;">'''RΩ'''</span><span style="color: #000068;">'''Zα'''</span>]]
[[Torre dei Cieli|<span style="color: #000068;">'''R'''</span><span style="color: #000068;">'''Z'''</span><span style="color: #000068;">'''S'''</span><span style="color: #000068;">'''RΩ'''</span><span style="color: #000068;">'''Zα'''</span>]]
[[Torre dei Cieli|<span style="color: #000068;">'''R'''</span><span style="color: #000068;">'''Z'''</span><span style="color: #000068;">'''S'''</span><span style="color: #000068;">'''RΩ'''</span><span style="color: #000068;">'''Zα'''</span>]]
[[Torre dei Cieli|<span style="color: #0000A0;">'''R'''</span><span style="color: #0000A0;">'''Z'''</span><span style="color: #0000A0;">'''S'''</span><span style="color: #0000A0;">'''RΩ'''</span><span style="color: #0000A0;">'''Zα'''</span>]]
[[Torre dei Cieli|<span style="color: #0000A0;">'''R'''</span><span style="color: #0000A0;">'''Z'''</span><span style="color: #0000A0;">'''S'''</span><span style="color: #0000A0;">'''RΩ'''</span><span style="color: #0000A0;">'''Zα'''</span>]]
[[Torre dei Cieli|<span style="color: #0000A0;">'''R'''</span><span style="color: #0000A0;">'''Z'''</span><span style="color: #0000A0;">'''S'''</span><span style="color: #0000A0;">'''RΩ'''</span><span style="color: #0000A0;">'''Zα'''</span>]]
[[Torre dei Cieli|<span style="color: #0000A0;">'''R'''</span><span style="color: #0000A0;">'''Z'''</span><span style="color: #0000A0;">'''S'''</span><span style="color: #0000A0;">'''RΩ'''</span><span style="color: #0000A0;">'''Zα'''</span>]]
[[Torre dei Cieli|<span style="color: #0000A0;">'''R'''</span><span style="color: #0000A0;">'''Z'''</span><span style="color: #0000A0;">'''S'''</span><span style="color: #0000A0;">'''RΩ'''</span><span style="color: #0000A0;">'''Zα'''</span>]]
[[Torre dei Cieli|<span style="color: #0000A0;">'''R'''</span><span style="color: #0000A0;">'''Z'''</span><span style="color: #0000A0;">'''S'''</span><span style="color: #0000A0;">'''RΩ'''</span><span style="color: #0000A0;">'''Zα'''</span>]]
