[[Pokémon Rubino e Zaffiro|<span style="color: #inherit;">Rubino, Zaffiro</span>]], [[Pokémon Smeraldo|<span style="color: #inherit;">Smeraldo</span>]], [[Pokémon Rubino Omega e Zaffiro Alpha|<span style="color: #inherit;">Rubino Omega e Zaffiro Alpha</span>]]	-----
[[Pokémon Rubino e Zaffiro|<span style="color: #inherit;">Rubino, Zaffiro</span>]], [[Pokémon Smeraldo|<span style="color: #inherit;">Smeraldo</span>]], [[Pokémon Rubino Omega e Zaffiro Alpha|<span style="color: #inherit;">Rubino Omega e Zaffiro Alpha</span>]]	-----
[[Pokémon Rubino e Zaffiro|<span style="color: #inherit;">Rubino, Zaffiro</span>]], [[Pokémon Smeraldo|<span style="color: #inherit;">Smeraldo</span>]], [[Pokémon Rubino Omega e Zaffiro Alpha|<span style="color: #inherit;">Rubino Omega e Zaffiro Alpha</span>]]	-----
[[Pokémon Rubino e Zaffiro|<span style="color: #inherit;">Rubino, Zaffiro</span>]], [[Pokémon Smeraldo|<span style="color: #inherit;">Smeraldo</span>]], [[Pokémon Rubino Omega e Zaffiro Alpha|<span style="color: #inherit;">Rubino Omega e Zaffiro Alpha</span>]]	-----
[[Pokémon Rubino e Zaffiro|<span style="color: #inherit;">Rubino, Zaffiro</span>]], [[Pokémon Smeraldo|<span style="color: #inherit;">Smeraldo</span>]], [[Pokémon Rubino Omega e Zaffiro Alpha|<span style="color: #inherit;">Rubino Omega e Zaffiro Alpha</span>]]	-----
[[Pokémon Rubino e Zaffiro|<span style="color: #inherit;">Rubino, Zaffiro</span>]], [[Pokémon Smeraldo|<span style="color: #inherit;">Smeraldo</span>]], [[Pokémon Rubino Omega e Zaffiro Alpha|<span style="color: #inherit;">Rubino Omega e Zaffiro Alpha</span>]]	-----
----------------
[[Pokémon Rubino e Zaffiro|<span style="color: #7722AA;">Rubino, Zaffiro</span>]], [[Pokémon Smeraldo|<span style="color: #7722AA;">Smeraldo</span>]], [[Pokémon Rubino Omega e Zaffiro Alpha|<span style="color: #7722AA;">Rubino Omega e Zaffiro Alpha</span>]]	-----
[[Pokémon Rubino e Zaffiro|<span style="color: #7722AA;">Rubino, Zaffiro</span>]], [[Pokémon Smeraldo|<span style="color: #7722AA;">Smeraldo</span>]], [[Pokémon Rubino Omega e Zaffiro Alpha|<span style="color: #7722AA;">Rubino Omega e Zaffiro Alpha</span>]]	-----
[[Pokémon Rubino e Zaffiro|<span style="color: #7722AA;">Rubino, Zaffiro</span>]], [[Pokémon Smeraldo|<span style="color: #7722AA;">Smeraldo</span>]], [[Pokémon Rubino Omega e Zaffiro Alpha|<span style="color: #7722AA;">Rubino Omega e Zaffiro Alpha</span>]]	-----
[[Pokémon Rubino e Zaffiro|<span style="color: #7722AA;">Rubino, Zaffiro</span>]], [[Pokémon Smeraldo|<span style="color: #7722AA;">Smeraldo</span>]], [[Pokémon Rubino Omega e Zaffiro Alpha|<span style="color: #7722AA;">Rubino Omega e Zaffiro Alpha</span>]]	-----
[[Pokémon Rubino e Zaffiro|<span style="color: #7722AA;">Rubino, Zaffiro</span>]], [[Pokémon Smeraldo|<span style="color: #7722AA;">Smeraldo</span>]], [[Pokémon Rubino Omega e Zaffiro Alpha|<span style="color: #7722AA;">Rubino Omega e Zaffiro Alpha</span>]]	-----
[[Pokémon Rubino e Zaffiro|<span style="color: #7722AA;">Rubino, Zaffiro</span>]], [[Pokémon Smeraldo|<span style="color: #7722AA;">Smeraldo</span>]], [[Pokémon Rubino Omega e Zaffiro Alpha|<span style="color: #7722AA;">Rubino Omega e Zaffiro Alpha</span>]]	-----
----------------
[[Pokémon Rubino e Zaffiro|<span style="color: #000068;">Rubino, Zaffiro</span>]], [[Pokémon Smeraldo|<span style="color: #000068;">Smeraldo</span>]], [[Pokémon Rubino Omega e Zaffiro Alpha|<span style="color: #000068;">Rubino Omega e Zaffiro Alpha</span>]]	-----
[[Pokémon Rubino e Zaffiro|<span style="color: #000068;">Rubino, Zaffiro</span>]], [[Pokémon Smeraldo|<span style="color: #000068;">Smeraldo</span>]], [[Pokémon Rubino Omega e Zaffiro Alpha|<span style="color: #000068;">Rubino Omega e Zaffiro Alpha</span>]]	-----
[[Pokémon Rubino e Zaffiro|<span style="color: #000068;">Rubino, Zaffiro</span>]], [[Pokémon Smeraldo|<span style="color: #000068;">Smeraldo</span>]], [[Pokémon Rubino Omega e Zaffiro Alpha|<span style="color: #000068;">Rubino Omega e Zaffiro Alpha</span>]]	-----
[[Pokémon Rubino e Zaffiro|<span style="color: #000068;">Rubino, Zaffiro</span>]], [[Pokémon Smeraldo|<span style="color: #000068;">Smeraldo</span>]], [[Pokémon Rubino Omega e Zaffiro Alpha|<span style="color: #000068;">Rubino Omega e Zaffiro Alpha</span>]]	-----
[[Pokémon Rubino e Zaffiro|<span style="color: #000068;">Rubino, Zaffiro</span>]], [[Pokémon Smeraldo|<span style="color: #000068;">Smeraldo</span>]], [[Pokémon Rubino Omega e Zaffiro Alpha|<span style="color: #000068;">Rubino Omega e Zaffiro Alpha</span>]]	-----
[[Pokémon Rubino e Zaffiro|<span style="color: #000068;">Rubino, Zaffiro</span>]], [[Pokémon Smeraldo|<span style="color: #000068;">Smeraldo</span>]], [[Pokémon Rubino Omega e Zaffiro Alpha|<span style="color: #000068;">Rubino Omega e Zaffiro Alpha</span>]]	-----
----------------
[[Pokémon Rubino e Zaffiro|<span style="color: #0000A0;">Rubino, Zaffiro</span>]], [[Pokémon Smeraldo|<span style="color: #0000A0;">Smeraldo</span>]], [[Pokémon Rubino Omega e Zaffiro Alpha|<span style="color: #0000A0;">Rubino Omega e Zaffiro Alpha</span>]]	-----
[[Pokémon Rubino e Zaffiro|<span style="color: #0000A0;">Rubino, Zaffiro</span>]], [[Pokémon Smeraldo|<span style="color: #0000A0;">Smeraldo</span>]], [[Pokémon Rubino Omega e Zaffiro Alpha|<span style="color: #0000A0;">Rubino Omega e Zaffiro Alpha</span>]]	-----
[[Pokémon Rubino e Zaffiro|<span style="color: #0000A0;">Rubino, Zaffiro</span>]], [[Pokémon Smeraldo|<span style="color: #0000A0;">Smeraldo</span>]], [[Pokémon Rubino Omega e Zaffiro Alpha|<span style="color: #0000A0;">Rubino Omega e Zaffiro Alpha</span>]]	-----
[[Pokémon Rubino e Zaffiro|<span style="color: #0000A0;">Rubino, Zaffiro</span>]], [[Pokémon Smeraldo|<span style="color: #0000A0;">Smeraldo</span>]], [[Pokémon Rubino Omega e Zaffiro Alpha|<span style="color: #0000A0;">Rubino Omega e Zaffiro Alpha</span>]]	-----
[[Pokémon Rubino e Zaffiro|<span style="color: #0000A0;">Rubino, Zaffiro</span>]], [[Pokémon Smeraldo|<span style="color: #0000A0;">Smeraldo</span>]], [[Pokémon Rubino Omega e Zaffiro Alpha|<span style="color: #0000A0;">Rubino Omega e Zaffiro Alpha</span>]]	-----
[[Pokémon Rubino e Zaffiro|<span style="color: #0000A0;">Rubino, Zaffiro</span>]], [[Pokémon Smeraldo|<span style="color: #0000A0;">Smeraldo</span>]], [[Pokémon Rubino Omega e Zaffiro Alpha|<span style="color: #0000A0;">Rubino Omega e Zaffiro Alpha</span>]]	-----
----------------
[[Pokémon Rubino e Zaffiro|<span style="color: #inherit;">Rubino, Zaffiro</span>]] e [[Pokémon Smeraldo|<span style="color: #inherit;">Smeraldo</span>]]	-----
[[Pokémon Rubino e Zaffiro|<span style="color: #inherit;">Rubino, Zaffiro</span>]] e [[Pokémon Smeraldo|<span style="color: #inherit;">Smeraldo</span>]]	-----
[[Pokémon Rubino e Zaffiro|<span style="color: #inherit;">Rubino, Zaffiro</span>]] e [[Pokémon Smeraldo|<span style="color: #inherit;">Smeraldo</span>]]	-----
[[Pokémon Rubino e Zaffiro|<span style="color: #inherit;">Rubino, Zaffiro</span>]] e [[Pokémon Smeraldo|<span style="color: #inherit;">Smeraldo</span>]]	-----
[[Pokémon Rubino e Zaffiro|<span style="color: #inherit;">Rubino, Zaffiro</span>]] e [[Pokémon Smeraldo|<span style="color: #inherit;">Smeraldo</span>]]	-----
[[Pokémon Rubino e Zaffiro|<span style="color: #inherit;">Rubino, Zaffiro</span>]] e [[Pokémon Smeraldo|<span style="color: #inherit;">Smeraldo</span>]]	-----
----------------
[[Pokémon Rubino e Zaffiro|<span style="color: #7722AA;">Rubino, Zaffiro</span>]] e [[Pokémon Smeraldo|<span style="color: #7722AA;">Smeraldo</span>]]	-----
[[Pokémon Rubino e Zaffiro|<span style="color: #7722AA;">Rubino, Zaffiro</span>]] e [[Pokémon Smeraldo|<span style="color: #7722AA;">Smeraldo</span>]]	-----
[[Pokémon Rubino e Zaffiro|<span style="color: #7722AA;">Rubino, Zaffiro</span>]] e [[Pokémon Smeraldo|<span style="color: #7722AA;">Smeraldo</span>]]	-----
[[Pokémon Rubino e Zaffiro|<span style="color: #7722AA;">Rubino, Zaffiro</span>]] e [[Pokémon Smeraldo|<span style="color: #7722AA;">Smeraldo</span>]]	-----
[[Pokémon Rubino e Zaffiro|<span style="color: #7722AA;">Rubino, Zaffiro</span>]] e [[Pokémon Smeraldo|<span style="color: #7722AA;">Smeraldo</span>]]	-----
[[Pokémon Rubino e Zaffiro|<span style="color: #7722AA;">Rubino, Zaffiro</span>]] e [[Pokémon Smeraldo|<span style="color: #7722AA;">Smeraldo</span>]]	-----
----------------
[[Pokémon Rubino e Zaffiro|<span style="color: #000068;">Rubino, Zaffiro</span>]] e [[Pokémon Smeraldo|<span style="color: #000068;">Smeraldo</span>]]	-----
[[Pokémon Rubino e Zaffiro|<span style="color: #000068;">Rubino, Zaffiro</span>]] e [[Pokémon Smeraldo|<span style="color: #000068;">Smeraldo</span>]]	-----
[[Pokémon Rubino e Zaffiro|<span style="color: #000068;">Rubino, Zaffiro</span>]] e [[Pokémon Smeraldo|<span style="color: #000068;">Smeraldo</span>]]	-----
[[Pokémon Rubino e Zaffiro|<span style="color: #000068;">Rubino, Zaffiro</span>]] e [[Pokémon Smeraldo|<span style="color: #000068;">Smeraldo</span>]]	-----
[[Pokémon Rubino e Zaffiro|<span style="color: #000068;">Rubino, Zaffiro</span>]] e [[Pokémon Smeraldo|<span style="color: #000068;">Smeraldo</span>]]	-----
[[Pokémon Rubino e Zaffiro|<span style="color: #000068;">Rubino, Zaffiro</span>]] e [[Pokémon Smeraldo|<span style="color: #000068;">Smeraldo</span>]]	-----
----------------
[[Pokémon Rubino e Zaffiro|<span style="color: #0000A0;">Rubino, Zaffiro</span>]] e [[Pokémon Smeraldo|<span style="color: #0000A0;">Smeraldo</span>]]	-----
[[Pokémon Rubino e Zaffiro|<span style="color: #0000A0;">Rubino, Zaffiro</span>]] e [[Pokémon Smeraldo|<span style="color: #0000A0;">Smeraldo</span>]]	-----
[[Pokémon Rubino e Zaffiro|<span style="color: #0000A0;">Rubino, Zaffiro</span>]] e [[Pokémon Smeraldo|<span style="color: #0000A0;">Smeraldo</span>]]	-----
[[Pokémon Rubino e Zaffiro|<span style="color: #0000A0;">Rubino, Zaffiro</span>]] e [[Pokémon Smeraldo|<span style="color: #0000A0;">Smeraldo</span>]]	-----
[[Pokémon Rubino e Zaffiro|<span style="color: #0000A0;">Rubino, Zaffiro</span>]] e [[Pokémon Smeraldo|<span style="color: #0000A0;">Smeraldo</span>]]	-----
[[Pokémon Rubino e Zaffiro|<span style="color: #0000A0;">Rubino, Zaffiro</span>]] e [[Pokémon Smeraldo|<span style="color: #0000A0;">Smeraldo</span>]]	-----
----------------
[[Pokémon Rubino e Zaffiro|<span style="color: #inherit;">Rubino e Zaffiro</span>]]	-----
[[Pokémon Rubino e Zaffiro|<span style="color: #inherit;">Rubino e Zaffiro</span>]]	-----
[[Pokémon Rubino e Zaffiro|<span style="color: #inherit;">Rubino e Zaffiro</span>]]	-----
[[Pokémon Rubino e Zaffiro|<span style="color: #inherit;">Rubino e Zaffiro</span>]]	-----
[[Pokémon Rubino e Zaffiro|<span style="color: #inherit;">Rubino e Zaffiro</span>]]	-----
[[Pokémon Rubino e Zaffiro|<span style="color: #inherit;">Rubino e Zaffiro</span>]]	-----
----------------
[[Pokémon Rubino e Zaffiro|<span style="color: #7722AA;">Rubino e Zaffiro</span>]]	-----
[[Pokémon Rubino e Zaffiro|<span style="color: #7722AA;">Rubino e Zaffiro</span>]]	-----
[[Pokémon Rubino e Zaffiro|<span style="color: #7722AA;">Rubino e Zaffiro</span>]]	-----
[[Pokémon Rubino e Zaffiro|<span style="color: #7722AA;">Rubino e Zaffiro</span>]]	-----
[[Pokémon Rubino e Zaffiro|<span style="color: #7722AA;">Rubino e Zaffiro</span>]]	-----
[[Pokémon Rubino e Zaffiro|<span style="color: #7722AA;">Rubino e Zaffiro</span>]]	-----
----------------
[[Pokémon Rubino e Zaffiro|<span style="color: #000068;">Rubino e Zaffiro</span>]]	-----
[[Pokémon Rubino e Zaffiro|<span style="color: #000068;">Rubino e Zaffiro</span>]]	-----
[[Pokémon Rubino e Zaffiro|<span style="color: #000068;">Rubino e Zaffiro</span>]]	-----
[[Pokémon Rubino e Zaffiro|<span style="color: #000068;">Rubino e Zaffiro</span>]]	-----
[[Pokémon Rubino e Zaffiro|<span style="color: #000068;">Rubino e Zaffiro</span>]]	-----
[[Pokémon Rubino e Zaffiro|<span style="color: #000068;">Rubino e Zaffiro</span>]]	-----
----------------
[[Pokémon Rubino e Zaffiro|<span style="color: #0000A0;">Rubino e Zaffiro</span>]]	-----
[[Pokémon Rubino e Zaffiro|<span style="color: #0000A0;">Rubino e Zaffiro</span>]]	-----
[[Pokémon Rubino e Zaffiro|<span style="color: #0000A0;">Rubino e Zaffiro</span>]]	-----
[[Pokémon Rubino e Zaffiro|<span style="color: #0000A0;">Rubino e Zaffiro</span>]]	-----
[[Pokémon Rubino e Zaffiro|<span style="color: #0000A0;">Rubino e Zaffiro</span>]]	-----
[[Pokémon Rubino e Zaffiro|<span style="color: #0000A0;">Rubino e Zaffiro</span>]]	-----
----------------
[[Pokémon Smeraldo|<span style="color: #inherit;">Smeraldo</span>]]	-----
[[Pokémon Smeraldo|<span style="color: #inherit;">Smeraldo</span>]]	-----
[[Pokémon Smeraldo|<span style="color: #inherit;">Smeraldo</span>]]	-----
[[Pokémon Smeraldo|<span style="color: #inherit;">Smeraldo</span>]]	-----
[[Pokémon Smeraldo|<span style="color: #inherit;">Smeraldo</span>]]	-----
[[Pokémon Smeraldo|<span style="color: #inherit;">Smeraldo</span>]]	-----
----------------
[[Pokémon Smeraldo|<span style="color: #7722AA;">Smeraldo</span>]]	-----
[[Pokémon Smeraldo|<span style="color: #7722AA;">Smeraldo</span>]]	-----
[[Pokémon Smeraldo|<span style="color: #7722AA;">Smeraldo</span>]]	-----
[[Pokémon Smeraldo|<span style="color: #7722AA;">Smeraldo</span>]]	-----
[[Pokémon Smeraldo|<span style="color: #7722AA;">Smeraldo</span>]]	-----
[[Pokémon Smeraldo|<span style="color: #7722AA;">Smeraldo</span>]]	-----
----------------
[[Pokémon Smeraldo|<span style="color: #000068;">Smeraldo</span>]]	-----
[[Pokémon Smeraldo|<span style="color: #000068;">Smeraldo</span>]]	-----
[[Pokémon Smeraldo|<span style="color: #000068;">Smeraldo</span>]]	-----
[[Pokémon Smeraldo|<span style="color: #000068;">Smeraldo</span>]]	-----
[[Pokémon Smeraldo|<span style="color: #000068;">Smeraldo</span>]]	-----
[[Pokémon Smeraldo|<span style="color: #000068;">Smeraldo</span>]]	-----
----------------
[[Pokémon Smeraldo|<span style="color: #0000A0;">Smeraldo</span>]]	-----
[[Pokémon Smeraldo|<span style="color: #0000A0;">Smeraldo</span>]]	-----
[[Pokémon Smeraldo|<span style="color: #0000A0;">Smeraldo</span>]]	-----
[[Pokémon Smeraldo|<span style="color: #0000A0;">Smeraldo</span>]]	-----
[[Pokémon Smeraldo|<span style="color: #0000A0;">Smeraldo</span>]]	-----
[[Pokémon Smeraldo|<span style="color: #0000A0;">Smeraldo</span>]]	-----
----------------
[[Pokémon: Let's Go, Pikachu! e Let's Go, Eevee!|<span style="color: #inherit;">Pokémon: Let's Go, Pikachu! e Let's Go, Eevee!</span>]]	-----
[[Pokémon: Let's Go, Pikachu! e Let's Go, Eevee!|<span style="color: #inherit;">Pokémon: Let's Go, Pikachu! e Let's Go, Eevee!</span>]]	-----
[[Pokémon: Let's Go, Pikachu! e Let's Go, Eevee!|<span style="color: #inherit;">Pokémon: Let's Go, Pikachu! e Let's Go, Eevee!</span>]]	-----
[[Pokémon: Let's Go, Pikachu! e Let's Go, Eevee!|<span style="color: #inherit;">Pokémon: Let's Go, Pikachu! e Let's Go, Eevee!</span>]]	-----
[[Pokémon: Let's Go, Pikachu! e Let's Go, Eevee!|<span style="color: #inherit;">Pokémon: Let's Go, Pikachu! e Let's Go, Eevee!</span>]]	-----
[[Pokémon: Let's Go, Pikachu! e Let's Go, Eevee!|<span style="color: #inherit;">Pokémon: Let's Go, Pikachu! e Let's Go, Eevee!</span>]]	-----
----------------
[[Pokémon: Let's Go, Pikachu! e Let's Go, Eevee!|<span style="color: #7722AA;">Pokémon: Let's Go, Pikachu! e Let's Go, Eevee!</span>]]	-----
[[Pokémon: Let's Go, Pikachu! e Let's Go, Eevee!|<span style="color: #7722AA;">Pokémon: Let's Go, Pikachu! e Let's Go, Eevee!</span>]]	-----
[[Pokémon: Let's Go, Pikachu! e Let's Go, Eevee!|<span style="color: #7722AA;">Pokémon: Let's Go, Pikachu! e Let's Go, Eevee!</span>]]	-----
[[Pokémon: Let's Go, Pikachu! e Let's Go, Eevee!|<span style="color: #7722AA;">Pokémon: Let's Go, Pikachu! e Let's Go, Eevee!</span>]]	-----
[[Pokémon: Let's Go, Pikachu! e Let's Go, Eevee!|<span style="color: #7722AA;">Pokémon: Let's Go, Pikachu! e Let's Go, Eevee!</span>]]	-----
[[Pokémon: Let's Go, Pikachu! e Let's Go, Eevee!|<span style="color: #7722AA;">Pokémon: Let's Go, Pikachu! e Let's Go, Eevee!</span>]]	-----
----------------
[[Pokémon: Let's Go, Pikachu! e Let's Go, Eevee!|<span style="color: #000068;">Pokémon: Let's Go, Pikachu! e Let's Go, Eevee!</span>]]	-----
[[Pokémon: Let's Go, Pikachu! e Let's Go, Eevee!|<span style="color: #000068;">Pokémon: Let's Go, Pikachu! e Let's Go, Eevee!</span>]]	-----
[[Pokémon: Let's Go, Pikachu! e Let's Go, Eevee!|<span style="color: #000068;">Pokémon: Let's Go, Pikachu! e Let's Go, Eevee!</span>]]	-----
[[Pokémon: Let's Go, Pikachu! e Let's Go, Eevee!|<span style="color: #000068;">Pokémon: Let's Go, Pikachu! e Let's Go, Eevee!</span>]]	-----
[[Pokémon: Let's Go, Pikachu! e Let's Go, Eevee!|<span style="color: #000068;">Pokémon: Let's Go, Pikachu! e Let's Go, Eevee!</span>]]	-----
[[Pokémon: Let's Go, Pikachu! e Let's Go, Eevee!|<span style="color: #000068;">Pokémon: Let's Go, Pikachu! e Let's Go, Eevee!</span>]]	-----
----------------
[[Pokémon: Let's Go, Pikachu! e Let's Go, Eevee!|<span style="color: #0000A0;">Pokémon: Let's Go, Pikachu! e Let's Go, Eevee!</span>]]	-----
[[Pokémon: Let's Go, Pikachu! e Let's Go, Eevee!|<span style="color: #0000A0;">Pokémon: Let's Go, Pikachu! e Let's Go, Eevee!</span>]]	-----
[[Pokémon: Let's Go, Pikachu! e Let's Go, Eevee!|<span style="color: #0000A0;">Pokémon: Let's Go, Pikachu! e Let's Go, Eevee!</span>]]	-----
[[Pokémon: Let's Go, Pikachu! e Let's Go, Eevee!|<span style="color: #0000A0;">Pokémon: Let's Go, Pikachu! e Let's Go, Eevee!</span>]]	-----
[[Pokémon: Let's Go, Pikachu! e Let's Go, Eevee!|<span style="color: #0000A0;">Pokémon: Let's Go, Pikachu! e Let's Go, Eevee!</span>]]	-----
[[Pokémon: Let's Go, Pikachu! e Let's Go, Eevee!|<span style="color: #0000A0;">Pokémon: Let's Go, Pikachu! e Let's Go, Eevee!</span>]]	-----
----------------
[[Pokémon: Let's Go, Pikachu! e Let's Go, Eevee!|<span style="color: #inherit;">Let's Go, Eevee!</span>]]	-----
[[Pokémon: Let's Go, Pikachu! e Let's Go, Eevee!|<span style="color: #inherit;">Let's Go, Eevee!</span>]]	-----
[[Pokémon: Let's Go, Pikachu! e Let's Go, Eevee!|<span style="color: #inherit;">Let's Go, Eevee!</span>]]	-----
[[Pokémon: Let's Go, Pikachu! e Let's Go, Eevee!|<span style="color: #inherit;">Let's Go, Eevee!</span>]]	-----
[[Pokémon: Let's Go, Pikachu! e Let's Go, Eevee!|<span style="color: #inherit;">Let's Go, Eevee!</span>]]	-----
[[Pokémon: Let's Go, Pikachu! e Let's Go, Eevee!|<span style="color: #inherit;">Let's Go, Eevee!</span>]]	-----
----------------
[[Pokémon: Let's Go, Pikachu! e Let's Go, Eevee!|<span style="color: #7722AA;">Let's Go, Eevee!</span>]]	-----
[[Pokémon: Let's Go, Pikachu! e Let's Go, Eevee!|<span style="color: #7722AA;">Let's Go, Eevee!</span>]]	-----
[[Pokémon: Let's Go, Pikachu! e Let's Go, Eevee!|<span style="color: #7722AA;">Let's Go, Eevee!</span>]]	-----
[[Pokémon: Let's Go, Pikachu! e Let's Go, Eevee!|<span style="color: #7722AA;">Let's Go, Eevee!</span>]]	-----
[[Pokémon: Let's Go, Pikachu! e Let's Go, Eevee!|<span style="color: #7722AA;">Let's Go, Eevee!</span>]]	-----
[[Pokémon: Let's Go, Pikachu! e Let's Go, Eevee!|<span style="color: #7722AA;">Let's Go, Eevee!</span>]]	-----
----------------
[[Pokémon: Let's Go, Pikachu! e Let's Go, Eevee!|<span style="color: #000068;">Let's Go, Eevee!</span>]]	-----
[[Pokémon: Let's Go, Pikachu! e Let's Go, Eevee!|<span style="color: #000068;">Let's Go, Eevee!</span>]]	-----
[[Pokémon: Let's Go, Pikachu! e Let's Go, Eevee!|<span style="color: #000068;">Let's Go, Eevee!</span>]]	-----
[[Pokémon: Let's Go, Pikachu! e Let's Go, Eevee!|<span style="color: #000068;">Let's Go, Eevee!</span>]]	-----
[[Pokémon: Let's Go, Pikachu! e Let's Go, Eevee!|<span style="color: #000068;">Let's Go, Eevee!</span>]]	-----
[[Pokémon: Let's Go, Pikachu! e Let's Go, Eevee!|<span style="color: #000068;">Let's Go, Eevee!</span>]]	-----
----------------
[[Pokémon: Let's Go, Pikachu! e Let's Go, Eevee!|<span style="color: #0000A0;">Let's Go, Eevee!</span>]]	-----
[[Pokémon: Let's Go, Pikachu! e Let's Go, Eevee!|<span style="color: #0000A0;">Let's Go, Eevee!</span>]]	-----
[[Pokémon: Let's Go, Pikachu! e Let's Go, Eevee!|<span style="color: #0000A0;">Let's Go, Eevee!</span>]]	-----
[[Pokémon: Let's Go, Pikachu! e Let's Go, Eevee!|<span style="color: #0000A0;">Let's Go, Eevee!</span>]]	-----
[[Pokémon: Let's Go, Pikachu! e Let's Go, Eevee!|<span style="color: #0000A0;">Let's Go, Eevee!</span>]]	-----
[[Pokémon: Let's Go, Pikachu! e Let's Go, Eevee!|<span style="color: #0000A0;">Let's Go, Eevee!</span>]]	-----
----------------
