<div class="text-center max-width-xl-100">
<div class="roundy text-center inline-block max-width-xl-100" style="background-size: 100%; background-image: -moz-linear-gradient(left, #9FA19F, #81B9EF); background-image: -webkit-linear-gradient(left, #9FA19F, #81B9EF); background-image: linear-gradient(to right, #9FA19F, #81B9EF); padding: 0.2em;">
<div class="flex-row-center-around flex-wrap black-text" style="padding: 0.5ex;"><div><span class="big-font"><span class="big-font">'''Nona&nbsp;generazione'''</span></span></div>
<div class="text-center" style="font-weight: bold; padding: 0.5ex;">
<div class="small-font" style="margin-top: 0.5ex;">Altre&nbsp;generazioni:</div>
<div>[[Staraptor/Mosse apprese in quarta generazione#Aumentando di livello|IV]]&nbsp;•&nbsp;[[Staraptor/Mosse apprese in quinta generazione#Aumentando di livello|V]]&nbsp;•&nbsp;[[Staraptor/Mosse apprese in sesta generazione#Aumentando di livello|VI]]&nbsp;•&nbsp;[[Staraptor/Mosse apprese in settima generazione#Aumentando di livello|VII]]&nbsp;•&nbsp;[[Staraptor/Mosse apprese in ottava generazione#Aumentando di livello|VIII]]</div>
</div>
</div>
<div style="overflow-x: auto; margin: 0 0.3ex;">
{| class="white-rows max-width-xl-100 width-xl-100 no-border-spacing" style="margin-top: 0; background: transparent;"
|- class="text-center black-text"
! colspan = "1" | &nbsp;[[Livello|Lv.]]&nbsp;
! rowspan = "1" | &nbsp;[[Mossa]]&nbsp;
! rowspan = "1" | &nbsp;[[Tipo]]&nbsp;
! rowspan = "1" | &nbsp;[[Categoria danno|Cat.]]&nbsp;
! rowspan = "1" | &nbsp;[[Potenza|Pot.]]&nbsp;
! rowspan = "1" | &nbsp;[[Precisione|Prec.]]&nbsp;
! rowspan = "1" | &nbsp;[[PP]]&nbsp;
|-
|  | 41
| class="black-text" style="padding: 0.1em 0.3em;" | [[Agilità]]
| class="height-100" style="padding: 0.8ex 0.3ex;" | <div class=" box-psico roundy-5 text-center white-text" style="; padding: 0.5ex;">[[Psico|<span style=";">Psico</span>]]</div>
| class="height-100" style="padding: 0.8ex 0.3ex;" | <div class="roundy-5 text-center" style="background-size: 100%; background-image: -moz-linear-gradient(left, #5B585B, #8C888C); background-image: -webkit-linear-gradient(left, #5B585B, #8C888C); background-image: linear-gradient(to right, #5B585B, #8C888C);; padding: 0.5ex;">[[Categoria danno#Stato|<span style="color: #F7F7F7;">Stato</span>]]</div>
| style="padding: 0.1em 0.3em;" | &mdash;
| style="padding: 0.1em 0.3em;" | &mdash;%
| style="padding: 0.1em 0.3em;" | 30
|-
|  | 49
| class="black-text" style="padding: 0.1em 0.3em;" | '''[[Baldeali]]'''
| class="height-100" style="padding: 0.8ex 0.3ex;" | <div class=" box-volante roundy-5 text-center white-text" style="; padding: 0.5ex;">[[Volante|<span style=";">Volante</span>]]</div>
| class="height-100" style="padding: 0.8ex 0.3ex;" | <div class="roundy-5 text-center" style="background-size: 100%; background-image: -moz-linear-gradient(left, #82150B, #C92112); background-image: -webkit-linear-gradient(left, #82150B, #C92112); background-image: linear-gradient(to right, #82150B, #C92112);; padding: 0.5ex;">[[Categoria danno#Fisico|<span style="color: #F67A1A;">Fisico</span>]]</div>
| style="padding: 0.1em 0.3em;" | 120
| style="padding: 0.1em 0.3em;" | 100%
| style="padding: 0.1em 0.3em;" | 15
|-
|  | 57
| class="black-text" style="padding: 0.1em 0.3em;" | [[Azzardo]]
| class="height-100" style="padding: 0.8ex 0.3ex;" | <div class=" box-lotta roundy-5 text-center white-text" style="; padding: 0.5ex;">[[Lotta|<span style=";">Lotta</span>]]</div>
| class="height-100" style="padding: 0.8ex 0.3ex;" | <div class="roundy-5 text-center white-text" style="background-size: 100%; background-image: -moz-linear-gradient(left, #333948, #4F5870); background-image: -webkit-linear-gradient(left, #333948, #4F5870); background-image: linear-gradient(to right, #333948, #4F5870);; padding: 0.5ex;">[[Categoria danno#Speciale|<span style=";">Speciale</span>]]</div>
| style="padding: 0.1em 0.3em;" | &mdash;
| style="padding: 0.1em 0.3em;" | 100%
| style="padding: 0.1em 0.3em;" | 5
|}</div>
<div class="text-left small-font black-text" style="line-height: 1em; padding: 0 0.5ex 1ex;">
*Il livello "Inizio" indica una mossa conosciuta da Staraptor ottenuto a livello 1 in nona generazione.
*Il livello "Evo" indica una mossa che può essere apprese al momento dell'evoluzione.
*Il livello "Ricorda" indica una mossa che può essere appresa solo tramite Ricordamosse.
*Il '''grassetto''' indica una mossa che ha il [[bonus di tipo]] quando viene usata da un Staraptor.
*Il ''corsivo'' indica una mossa che ha il bonus di tipo solo quando viene usata da un'evoluzione di Staraptor.
*Clicca sui numeri delle generazioni in alto per vedere le mosse apprese aumentando di livello nelle altre generazioni.
</div>
</div>
</div>
<div class="text-center max-width-xl-100">
<div class="roundy text-center inline-block max-width-xl-100" style="background-size: 100%; background-image: -moz-linear-gradient(left, #9FA19F, #81B9EF); background-image: -webkit-linear-gradient(left, #9FA19F, #81B9EF); background-image: linear-gradient(to right, #9FA19F, #81B9EF); padding: 0.2em;">
<div class="flex-row-center-around flex-wrap black-text" style="padding: 0.5ex;"><div><span class="big-font"><span class="big-font">'''Nona&nbsp;generazione'''</span></span></div>
<div class="text-center" style="font-weight: bold; padding: 0.5ex;">
<div class="small-font" style="margin-top: 0.5ex;">Altre&nbsp;generazioni:</div>
<div>[[Staraptor/Mosse apprese in quarta generazione#Tramite MT/MN|IV]]&nbsp;•&nbsp;[[Staraptor/Mosse apprese in quinta generazione#Tramite MT/MN|V]]&nbsp;•&nbsp;[[Staraptor/Mosse apprese in sesta generazione#Tramite MT/MN|VI]]&nbsp;•&nbsp;[[Staraptor/Mosse apprese in settima generazione#Tramite MT|VII]]&nbsp;•&nbsp;[[Staraptor/Mosse apprese in ottava generazione#Tramite MT|VIII]]</div>
</div>
</div>
<div style="overflow-x: auto; margin: 0 0.3ex;">
{| class="white-rows max-width-xl-100 width-xl-100 no-border-spacing" style="margin-top: 0; background: transparent;"
|- class="text-center black-text"
! colspan = "1" | &nbsp;[[MT]]&nbsp;
! rowspan = "1" | &nbsp;[[Mossa]]&nbsp;
! rowspan = "1" | &nbsp;[[Tipo]]&nbsp;
! rowspan = "1" | &nbsp;[[Categoria danno|Cat.]]&nbsp;
! rowspan = "1" | &nbsp;[[Potenza|Pot.]]&nbsp;
! rowspan = "1" | &nbsp;[[Precisione|Prec.]]&nbsp;
! rowspan = "1" | &nbsp;[[PP]]&nbsp;
|-
| class="black-text" style="padding: 0.1em 0.3em;" | <span class="hidden-xs">[[File:MT Volante VIII Sprite Zaino.png]]</span>[[MT164]] 
| class="black-text" style="padding: 0.1em 0.3em;" | '''[[Baldeali]]'''
| class="height-100" style="padding: 0.8ex 0.3ex;" | <div class=" box-volante roundy-5 text-center white-text" style="; padding: 0.5ex;">[[Volante|<span style=";">Volante</span>]]</div>
| class="height-100" style="padding: 0.8ex 0.3ex;" | <div class="roundy-5 text-center" style="background-size: 100%; background-image: -moz-linear-gradient(left, #82150B, #C92112); background-image: -webkit-linear-gradient(left, #82150B, #C92112); background-image: linear-gradient(to right, #82150B, #C92112);; padding: 0.5ex;">[[Categoria danno#Fisico|<span style="color: #F67A1A;">Fisico</span>]]</div>
| style="padding: 0.1em 0.3em;" | 120
| style="padding: 0.1em 0.3em;" | 100%
| style="padding: 0.1em 0.3em;" | 15
|-
| class="black-text" style="padding: 0.1em 0.3em;" | <span class="hidden-xs">[[File:MT Lotta VIII Sprite Zaino.png]]</span>[[MT167]] 
| class="black-text" style="padding: 0.1em 0.3em;" | [[Zuffa]]
| class="height-100" style="padding: 0.8ex 0.3ex;" | <div class=" box-lotta roundy-5 text-center white-text" style="; padding: 0.5ex;">[[Lotta|<span style=";">Lotta</span>]]</div>
| class="height-100" style="padding: 0.8ex 0.3ex;" | <div class="roundy-5 text-center" style="background-size: 100%; background-image: -moz-linear-gradient(left, #82150B, #C92112); background-image: -webkit-linear-gradient(left, #82150B, #C92112); background-image: linear-gradient(to right, #82150B, #C92112);; padding: 0.5ex;">[[Categoria danno#Fisico|<span style="color: #F67A1A;">Fisico</span>]]</div>
| style="padding: 0.1em 0.3em;" | 120
| style="padding: 0.1em 0.3em;" | 100%
| style="padding: 0.1em 0.3em;" | 5
|-
| class="black-text" style="padding: 0.1em 0.3em;" | <span class="hidden-xs">[[File:MT Normale VIII Sprite Zaino.png]]</span>[[MT171]] 
| class="black-text" style="padding: 0.1em 0.3em;" | '''[[Terascoppio]]'''
| class="height-100" style="padding: 0.8ex 0.3ex;" | <div class=" box-normale roundy-5 text-center white-text" style="; padding: 0.5ex;">[[Normale|<span style=";">Normale</span>]]</div>
| class="height-100" style="padding: 0.8ex 0.3ex;" | <div class="roundy-5 text-center white-text" style="background-size: 100%; background-image: -moz-linear-gradient(left, #333948, #4F5870); background-image: -webkit-linear-gradient(left, #333948, #4F5870); background-image: linear-gradient(to right, #333948, #4F5870);; padding: 0.5ex;">[[Categoria danno#Speciale|<span style=";">Speciale</span>]]</div>
| style="padding: 0.1em 0.3em;" | 80
| style="padding: 0.1em 0.3em;" | 100%
| style="padding: 0.1em 0.3em;" | 10
|}</div>
<div class="text-left small-font black-text" style="line-height: 1em; padding: 0 0.5ex 1ex;">

*Alcune MT sono disponibili solo a partire da una determinata versione del gioco. Staraptor può imparare le mosse di quelle MT solo da tale versione.
*Il '''grassetto''' indica una mossa che ha il [[bonus di tipo]] quando viene usata da un Staraptor.
*Il ''corsivo'' indica una mossa che ha il bonus di tipo solo quando viene usata da un'evoluzione di Staraptor.
*Clicca sui numeri delle generazioni in alto per vedere le mosse apprese tramite MT/MN nelle altre generazioni.
</div>
</div>
</div>
<div class="text-center max-width-xl-100">
<div class="roundy text-center inline-block max-width-xl-100" style="background-size: 100%; background-image: -moz-linear-gradient(left, #9FA19F, #81B9EF); background-image: -webkit-linear-gradient(left, #9FA19F, #81B9EF); background-image: linear-gradient(to right, #9FA19F, #81B9EF); padding: 0.2em;">
<div class="flex-row-center-around flex-wrap black-text" style="padding: 0.5ex;"><div><span class="big-font"><span class="big-font">'''Nona&nbsp;generazione'''</span></span></div>
<div class="text-center" style="font-weight: bold; padding: 0.5ex;">
<div class="small-font" style="margin-top: 0.5ex;">Altre&nbsp;generazioni:</div>
<div>[[Staraptor/Mosse apprese in quarta generazione#Tramite accoppiamento|IV]]&nbsp;•&nbsp;[[Staraptor/Mosse apprese in quinta generazione#Tramite accoppiamento|V]]&nbsp;•&nbsp;[[Staraptor/Mosse apprese in sesta generazione#Tramite accoppiamento|VI]]&nbsp;•&nbsp;[[Staraptor/Mosse apprese in settima generazione#Tramite accoppiamento|VII]]&nbsp;•&nbsp;[[Staraptor/Mosse apprese in ottava generazione#Tramite accoppiamento|VIII]]</div>
</div>
</div>
<div style="overflow-x: auto; margin: 0 0.3ex;">
{| class="white-rows max-width-xl-100 width-xl-100 no-border-spacing" style="margin-top: 0; background: transparent;"
|- class="text-center black-text"

! rowspan = "1" | &nbsp;[[Mossa]]&nbsp;
! rowspan = "1" | &nbsp;[[Tipo]]&nbsp;
! rowspan = "1" | &nbsp;[[Categoria danno|Cat.]]&nbsp;
! rowspan = "1" | &nbsp;[[Potenza|Pot.]]&nbsp;
! rowspan = "1" | &nbsp;[[Precisione|Prec.]]&nbsp;
! rowspan = "1" | &nbsp;[[PP]]&nbsp;
|-
| class="black-text" style="padding: 0.1em 0.3em;" | '''[[Baraonda]]'''
| class="height-100" style="padding: 0.8ex 0.3ex;" | <div class=" box-normale roundy-5 text-center white-text" style="; padding: 0.5ex;">[[Normale|<span style=";">Normale</span>]]</div>
| class="height-100" style="padding: 0.8ex 0.3ex;" | <div class="roundy-5 text-center white-text" style="background-size: 100%; background-image: -moz-linear-gradient(left, #333948, #4F5870); background-image: -webkit-linear-gradient(left, #333948, #4F5870); background-image: linear-gradient(to right, #333948, #4F5870);; padding: 0.5ex;">[[Categoria danno#Speciale|<span style=";">Speciale</span>]]</div>
| style="padding: 0.1em 0.3em;" | 90
| style="padding: 0.1em 0.3em;" | 100%
| style="padding: 0.1em 0.3em;" | 10
|-
| class="black-text" style="padding: 0.1em 0.3em;" | [[Danzadipiume]]
| class="height-100" style="padding: 0.8ex 0.3ex;" | <div class=" box-volante roundy-5 text-center white-text" style="; padding: 0.5ex;">[[Volante|<span style=";">Volante</span>]]</div>
| class="height-100" style="padding: 0.8ex 0.3ex;" | <div class="roundy-5 text-center" style="background-size: 100%; background-image: -moz-linear-gradient(left, #5B585B, #8C888C); background-image: -webkit-linear-gradient(left, #5B585B, #8C888C); background-image: linear-gradient(to right, #5B585B, #8C888C);; padding: 0.5ex;">[[Categoria danno#Stato|<span style="color: #F7F7F7;">Stato</span>]]</div>
| style="padding: 0.1em 0.3em;" | &mdash;
| style="padding: 0.1em 0.3em;" | 100%
| style="padding: 0.1em 0.3em;" | 15
|-
| class="black-text" style="padding: 0.1em 0.3em;" | '''[[Furia]]'''
| class="height-100" style="padding: 0.8ex 0.3ex;" | <div class=" box-normale roundy-5 text-center white-text" style="; padding: 0.5ex;">[[Normale|<span style=";">Normale</span>]]</div>
| class="height-100" style="padding: 0.8ex 0.3ex;" | <div class="roundy-5 text-center" style="background-size: 100%; background-image: -moz-linear-gradient(left, #82150B, #C92112); background-image: -webkit-linear-gradient(left, #82150B, #C92112); background-image: linear-gradient(to right, #82150B, #C92112);; padding: 0.5ex;">[[Categoria danno#Fisico|<span style="color: #F67A1A;">Fisico</span>]]</div>
| style="padding: 0.1em 0.3em;" | 15
| style="padding: 0.1em 0.3em;" | 85%
| style="padding: 0.1em 0.3em;" | 20
|}</div>
<div class="text-left small-font black-text" style="line-height: 1em; padding: 0 0.5ex 1ex;">
*Maggiori informazioni su come il Pokémon può imparare queste mosse nella pagina delle [[Mossa Uovo#Pokémon Scarlatto e Violetto|mosse Uovo]].
*Le mosse segnate con un'abbreviazione di un gioco in apice si possono ottenere su Staraptor solo in quel gioco.
*Il '''grassetto''' indica una mossa che ha il [[bonus di tipo]] quando viene usata da un Staraptor.
*Il ''corsivo'' indica una mossa che ha il bonus di tipo solo quando viene usata da un'evoluzione di Staraptor.
*Clicca sui numeri delle generazioni in alto per vedere le mosse apprese tramite accoppiamento nelle altre generazioni.
</div>
</div>
</div>
<div class="text-center max-width-xl-100">
<div class="roundy text-center inline-block max-width-xl-100" style="background-size: 100%; background-image: -moz-linear-gradient(left, #9FA19F, #81B9EF); background-image: -webkit-linear-gradient(left, #9FA19F, #81B9EF); background-image: linear-gradient(to right, #9FA19F, #81B9EF); padding: 0.2em;">
<div class="flex-row-center-around flex-wrap black-text" style="padding: 0.5ex;"><div><span class="big-font"><span class="big-font">'''Nona&nbsp;generazione'''</span></span></div>
<div class="text-center" style="font-weight: bold; padding: 0.5ex;">
<div class="small-font" style="margin-top: 0.5ex;">Altre&nbsp;generazioni:</div>
<div>[[Staraptor/Mosse apprese in quarta generazione#Dall'Insegnamosse|IV]]&nbsp;•&nbsp;[[Staraptor/Mosse apprese in quinta generazione#Dall'Insegnamosse|V]]&nbsp;•&nbsp;[[Staraptor/Mosse apprese in sesta generazione#Dall'Insegnamosse|VI]]&nbsp;•&nbsp;[[Staraptor/Mosse apprese in settima generazione#Dall'Insegnamosse|VII]]&nbsp;•&nbsp;[[Staraptor/Mosse apprese in ottava generazione#Dall'Insegnamosse|VIII]]</div>
</div>
</div>
<div style="overflow-x: auto; margin: 0 0.3ex;">
{| class="white-rows max-width-xl-100 width-xl-100 no-border-spacing" style="margin-top: 0; background: transparent;"
|- class="text-center black-text"
! colspan = "1" | &nbsp;[[Videogiochi Pokémon|Gioco]]&nbsp;
! rowspan = "1" | &nbsp;[[Mossa]]&nbsp;
! rowspan = "1" | &nbsp;[[Tipo]]&nbsp;
! rowspan = "1" | &nbsp;[[Categoria danno|Cat.]]&nbsp;
! rowspan = "1" | &nbsp;[[Potenza|Pot.]]&nbsp;
! rowspan = "1" | &nbsp;[[Precisione|Prec.]]&nbsp;
! rowspan = "1" | &nbsp;[[PP]]&nbsp;
|-
| style="padding: 0.8ex 0.5ex;" |<div class="text-center roundy-5 white-text" style="background-size: 100%; background-image: -moz-linear-gradient(left, #700007, #39003E); background-image: -webkit-linear-gradient(left, #700007, #39003E); background-image: linear-gradient(to right, #700007, #39003E);; padding: 0 0.5ex; margin-bottom: 0.2ex;">[[Pokémon Scarlatto e Violetto|<span style="padding: 0.3em 0;">'''S'''</span><span style="padding: 0.3em 0;">'''V'''</span>]]</div> 
| class="black-text" style="padding: 0.1em 0.3em;" | '''[[Baldeali]]'''
| class="height-100" style="padding: 0.8ex 0.3ex;" | <div class=" box-volante roundy-5 text-center white-text" style="; padding: 0.5ex;">[[Volante|<span style=";">Volante</span>]]</div>
| class="height-100" style="padding: 0.8ex 0.3ex;" | <div class="roundy-5 text-center" style="background-size: 100%; background-image: -moz-linear-gradient(left, #82150B, #C92112); background-image: -webkit-linear-gradient(left, #82150B, #C92112); background-image: linear-gradient(to right, #82150B, #C92112);; padding: 0.5ex;">[[Categoria danno#Fisico|<span style="color: #F67A1A;">Fisico</span>]]</div>
| style="padding: 0.1em 0.3em;" | 120
| style="padding: 0.1em 0.3em;" | 100%
| style="padding: 0.1em 0.3em;" | 15
|}</div>
<div class="text-left small-font black-text" style="line-height: 1em; padding: 0 0.5ex 1ex;">
*Un'abbreviazione bianca in una casella colorata indica che Staraptor può imparare la mossa dall'Insegnamosse in quel gioco.
*Un'abbreviazione colorata su sfondo bianco indica che Staraptor non può imparare la mossa dall'Insegnamosse in quel gioco.
*Il '''grassetto''' indica una mossa che ha il [[bonus di tipo]] quando viene usata da un Staraptor.
*Il ''corsivo'' indica una mossa che ha il bonus di tipo solo quando viene usata da un'evoluzione di Staraptor.
*Clicca sui numeri delle generazioni in alto per vedere le mosse apprese dall'Insegnamosse nelle altre generazioni.
</div>
</div>
</div>
<div class="text-center max-width-xl-100">
<div class="roundy text-center inline-block max-width-xl-100" style="background-size: 100%; background-image: -moz-linear-gradient(left, #9FA19F, #81B9EF); background-image: -webkit-linear-gradient(left, #9FA19F, #81B9EF); background-image: linear-gradient(to right, #9FA19F, #81B9EF); padding: 0.2em;">
<div class="flex-row-center-around flex-wrap black-text" style="padding: 0.5ex;"><div><span class="big-font"><span class="big-font">'''Nona&nbsp;generazione'''</span></span></div>
<div class="text-center" style="font-weight: bold; padding: 0.5ex;">
<div class="small-font" style="margin-top: 0.5ex;">Altre&nbsp;generazioni:</div>
<div>[[Staraptor/Mosse apprese in quarta generazione#Tramite evoluzioni precedenti|IV]]&nbsp;•&nbsp;[[Staraptor/Mosse apprese in quinta generazione#Tramite evoluzioni precedenti|V]]&nbsp;•&nbsp;[[Staraptor/Mosse apprese in sesta generazione#Tramite evoluzioni precedenti|VI]]&nbsp;•&nbsp;[[Staraptor/Mosse apprese in settima generazione#Tramite evoluzioni precedenti|VII]]&nbsp;•&nbsp;[[Staraptor/Mosse apprese in ottava generazione#Tramite evoluzioni precedenti|VIII]]</div>
</div>
</div>
<div style="overflow-x: auto; margin: 0 0.3ex;">
{| class="white-rows max-width-xl-100 width-xl-100 no-border-spacing" style="margin-top: 0; background: transparent;"
|- class="text-center black-text"
! colspan = "1" | &nbsp;[[Evoluzione|Stadio]]&nbsp;
! rowspan = "1" | &nbsp;[[Mossa]]&nbsp;
! rowspan = "1" | &nbsp;[[Tipo]]&nbsp;
! rowspan = "1" | &nbsp;[[Categoria danno|Cat.]]&nbsp;
! rowspan = "1" | &nbsp;[[Potenza|Pot.]]&nbsp;
! rowspan = "1" | &nbsp;[[Precisione|Prec.]]&nbsp;
! rowspan = "1" | &nbsp;[[PP]]&nbsp;
|-
| style="padding: 0.1em 0.3em;" | [[File:Minim396.png|Starly|40px|link=Starly]] 
| class="black-text" style="padding: 0.1em 0.3em;" | '''[[Beccata]]'''
| class="height-100" style="padding: 0.8ex 0.3ex;" | <div class=" box-volante roundy-5 text-center white-text" style="; padding: 0.5ex;">[[Volante|<span style=";">Volante</span>]]</div>
| class="height-100" style="padding: 0.8ex 0.3ex;" | <div class="roundy-5 text-center" style="background-size: 100%; background-image: -moz-linear-gradient(left, #82150B, #C92112); background-image: -webkit-linear-gradient(left, #82150B, #C92112); background-image: linear-gradient(to right, #82150B, #C92112);; padding: 0.5ex;">[[Categoria danno#Fisico|<span style="color: #F67A1A;">Fisico</span>]]</div>
| style="padding: 0.1em 0.3em;" | 35
| style="padding: 0.1em 0.3em;" | 100%
| style="padding: 0.1em 0.3em;" | 35
|}</div>
<div class="text-left small-font black-text" style="line-height: 1em; padding: 0 0.5ex 1ex;">

*Il '''grassetto''' indica una mossa che ha il [[bonus di tipo]] quando viene usata da un Staraptor.
*Il ''corsivo'' indica una mossa che ha il bonus di tipo solo quando viene usata da un'evoluzione di Staraptor.
*Clicca sui numeri delle generazioni in alto per vedere le mosse apprese tramite evoluzioni precedenti nelle altre generazioni.
</div>
</div>
</div>
