[[File:Sprptdsh479L.png|30px]]
[[File:Sprrzdsh123.png]]
[[File:Sprxyf478.gif|150px]]
[[File:133.png]]
