<sup>[[Pokémon Oro e Argento|<span style="color: #DAA520;">'''O'''</span><span style="color: #C0C0C0;">'''A'''</span>]][[Pokémon Cristallo|<span style="color: #4FD9FF;">'''C'''</span>]][[Pokémon Rosso Fuoco e Verde Foglia|<span style="color: #FF7327;">'''RF'''</span><span style="color: #00DD00;">'''VF'''</span>]][[Pokémon Oro HeartGold e Argento SoulSilver|<span style="color: #B69E00;">'''HG'''</span><span style="color: #C0C0E1;">'''SS'''</span>]]</sup>
<sup>[[Pokémon Oro e Argento|<span style="color: #DAA520;">'''O'''</span><span style="color: #C0C0C0;">'''A'''</span>]][[Pokémon Cristallo|<span style="color: #4FD9FF;">'''C'''</span>]][[Pokémon Rosso Fuoco e Verde Foglia|<span style="color: #FF7327;">'''RF'''</span><span style="color: #00DD00;">'''VF'''</span>]][[Pokémon Oro HeartGold e Argento SoulSilver|<span style="color: #B69E00;">'''HG'''</span><span style="color: #C0C0E1;">'''SS'''</span>]]</sup>
<sup>[[Pokémon: Let's Go, Pikachu! e Let's Go, Eevee!|<span style="color: #000000;">'''LG'''</span><span style="color: #ffcf11;">'''P'''</span><span style="color: #c47e39;">'''E'''</span>]]</sup>
<sup>[[Pokémon Rosso e Blu|<span style="color: #FF1111;">'''R'''</span><span style="color: #1111FF;">'''B'''</span>]][[Pokémon Giallo|<span style="color: #FFD733;">'''G'''</span>]][[Pokémon Rosso Fuoco e Verde Foglia|<span style="color: #FF7327;">'''RF'''</span><span style="color: #00DD00;">'''VF'''</span>]][[Pokémon: Let's Go, Pikachu! e Let's Go, Eevee!|<span style="color: #000000;">'''LG'''</span><span style="color: #ffcf11;">'''P'''</span><span style="color: #c47e39;">'''E'''</span>]]</sup>
